current directory: /Users/macbook/Desktop/space/OverAll/vendor/bundle/ruby/3.2.0/gems/bigdecimal-4.1.2/ext/bigdecimal
/opt/local/bin/ruby3.2 extconf.rb
checking for __builtin_clz()... yes
checking for __builtin_clzl()... yes
checking for __builtin_clzll()... yes
checking for float.h... yes
checking for math.h... yes
checking for stdbool.h... yes
checking for stdlib.h... yes
checking for x86intrin.h... yes
checking for _lzcnt_u32() in x86intrin.h... yes
checking for _lzcnt_u64() in x86intrin.h... yes
checking for intrin.h... no
checking for ruby/atomic.h... yes
checking for ruby/internal/has/builtin.h... yes
checking for ruby/internal/static_assert.h... yes
checking for rb_complex_real() in ruby.h... yes
checking for rb_complex_imag() in ruby.h... yes
checking for rb_opts_exception_p() in ruby.h... yes
checking for rb_category_warn() in ruby.h... yes
checking for RB_WARN_CATEGORY_DEPRECATED in ruby.h... yes
checking for RUBY_TYPED_EMBEDDABLE in ruby.h... no
creating Makefile

current directory: /Users/macbook/Desktop/space/OverAll/vendor/bundle/ruby/3.2.0/gems/bigdecimal-4.1.2/ext/bigdecimal
make DESTDIR\= sitearchdir\=./.gem.20260814-7153-d1zvcq sitelibdir\=./.gem.20260814-7153-d1zvcq clean

current directory: /Users/macbook/Desktop/space/OverAll/vendor/bundle/ruby/3.2.0/gems/bigdecimal-4.1.2/ext/bigdecimal
make DESTDIR\= sitearchdir\=./.gem.20260814-7153-d1zvcq sitelibdir\=./.gem.20260814-7153-d1zvcq
compiling bigdecimal.c
compiling missing.c
linking shared-object bigdecimal.bundle
ld: warning: -multiply_defined is obsolete
ld: warning: ignoring duplicate libraries: '-lruby.3.2'

current directory: /Users/macbook/Desktop/space/OverAll/vendor/bundle/ruby/3.2.0/gems/bigdecimal-4.1.2/ext/bigdecimal
make DESTDIR\= sitearchdir\=./.gem.20260814-7153-d1zvcq sitelibdir\=./.gem.20260814-7153-d1zvcq install
/opt/local/libexec/macports/clonebin/install -m 0755 bigdecimal.bundle ./.gem.20260814-7153-d1zvcq

current directory: /Users/macbook/Desktop/space/OverAll/vendor/bundle/ruby/3.2.0/gems/bigdecimal-4.1.2/ext/bigdecimal
make DESTDIR\= sitearchdir\=./.gem.20260814-7153-d1zvcq sitelibdir\=./.gem.20260814-7153-d1zvcq clean
