current directory: /Users/macbook/Desktop/space/OverAll/vendor/bundle/ruby/3.2.0/gems/prism-1.9.0/ext/prism
/opt/local/bin/ruby3.2 extconf.rb
checking for prism.h in /Users/macbook/Desktop/space/OverAll/vendor/bundle/ruby/3.2.0/gems/prism-1.9.0/include... yes
checking for prism/extension.h in /Users/macbook/Desktop/space/OverAll/vendor/bundle/ruby/3.2.0/gems/prism-1.9.0/ext... yes
checking for whether -fvisibility=hidden is accepted as CFLAGS... yes
creating Makefile

current directory: /Users/macbook/Desktop/space/OverAll/vendor/bundle/ruby/3.2.0/gems/prism-1.9.0/ext/prism
make DESTDIR\= sitearchdir\=./.gem.20260814-7153-hbe7fv sitelibdir\=./.gem.20260814-7153-hbe7fv clean

current directory: /Users/macbook/Desktop/space/OverAll/vendor/bundle/ruby/3.2.0/gems/prism-1.9.0/ext/prism
make DESTDIR\= sitearchdir\=./.gem.20260814-7153-hbe7fv sitelibdir\=./.gem.20260814-7153-hbe7fv
compiling api_node.c
compiling api_pack.c
compiling extension.c
compiling ./../../src/diagnostic.c
compiling ./../../src/encoding.c
compiling ./../../src/node.c
compiling ./../../src/options.c
compiling ./../../src/pack.c
compiling ./../../src/prettyprint.c
compiling ./../../src/prism.c
compiling ./../../src/regexp.c
compiling ./../../src/serialize.c
compiling ./../../src/static_literals.c
compiling ./../../src/token_type.c
compiling ./../../src/util/pm_buffer.c
compiling ./../../src/util/pm_char.c
compiling ./../../src/util/pm_constant_pool.c
compiling ./../../src/util/pm_integer.c
compiling ./../../src/util/pm_list.c
compiling ./../../src/util/pm_memchr.c
compiling ./../../src/util/pm_newline_list.c
compiling ./../../src/util/pm_string.c
compiling ./../../src/util/pm_strncasecmp.c
compiling ./../../src/util/pm_strpbrk.c
linking shared-object prism/prism.bundle
ld: warning: -multiply_defined is obsolete
ld: warning: ignoring duplicate libraries: '-lruby.3.2'

current directory: /Users/macbook/Desktop/space/OverAll/vendor/bundle/ruby/3.2.0/gems/prism-1.9.0/ext/prism
make DESTDIR\= sitearchdir\=./.gem.20260814-7153-hbe7fv sitelibdir\=./.gem.20260814-7153-hbe7fv install
/opt/local/libexec/macports/clonebin/install -m 0755 prism.bundle ./.gem.20260814-7153-hbe7fv/prism

current directory: /Users/macbook/Desktop/space/OverAll/vendor/bundle/ruby/3.2.0/gems/prism-1.9.0/ext/prism
make DESTDIR\= sitearchdir\=./.gem.20260814-7153-hbe7fv sitelibdir\=./.gem.20260814-7153-hbe7fv clean
