find_header: checking for prism.h in /Users/macbook/Desktop/space/OverAll/vendor/bundle/ruby/3.2.0/gems/prism-1.9.0/include... -------------------- yes

DYLD_LIBRARY_PATH=.:/opt/local/lib "/usr/bin/clang -o conftest -I/opt/local/include/ruby-3.2.11/x86_64-darwin22 -I/opt/local/include/ruby-3.2.11/ruby/backward -I/opt/local/include/ruby-3.2.11 -I. -I/opt/local/include -I/opt/local/libexec/openssl3/include -isystem/opt/local/include -isysroot/Library/Developer/CommandLineTools/SDKs/MacOSX13.sdk -D_XOPEN_SOURCE -D_DARWIN_C_SOURCE -D_DARWIN_UNLIMITED_SELECT -D_REENTRANT   -pipe -I/opt/local/libexec/openssl3/include -Os -isysroot/Library/Developer/CommandLineTools/SDKs/MacOSX13.sdk -fdeclspec -O3 -fno-fast-math -ggdb3 -Wall -Wextra -Wextra-tokens -Wdeprecated-declarations -Wdivision-by-zero -Wdiv-by-zero -Wimplicit-function-declaration -Wimplicit-int -Wmisleading-indentation -Wpointer-arith -Wshorten-64-to-32 -Wwrite-strings -Wold-style-definition -Wmissing-noreturn -Wno-cast-function-type -Wno-constant-logical-operand -Wno-long-long -Wno-missing-field-initializers -Wno-overlength-strings -Wno-parentheses-equality -Wno-self-assign -Wno-tautological-compare -Wno-unused-parameter -Wno-unused-value -Wunused-variable -Wundef -fno-common conftest.c  -L. -L/opt/local/lib -L/opt/local/lib -L. -L/opt/local/libexec/openssl3/lib -L/opt/local/lib -Wl,-headerpad_max_install_names -Wl,-syslibroot,/Library/Developer/CommandLineTools/SDKs/MacOSX13.sdk -fstack-protector-strong -L/opt/local/lib   -arch x86_64   -lruby.3.2  -lpthread  "
checked program was:
/* begin */
1: #include "ruby.h"
2: 
3: int main(int argc, char **argv)
4: {
5:   return !!argv[argc];
6: }
/* end */

DYLD_LIBRARY_PATH=.:/opt/local/lib "/usr/bin/clang -I/opt/local/include/ruby-3.2.11/x86_64-darwin22 -I/opt/local/include/ruby-3.2.11/ruby/backward -I/opt/local/include/ruby-3.2.11 -I. -I/opt/local/include -I/opt/local/libexec/openssl3/include -isystem/opt/local/include -isysroot/Library/Developer/CommandLineTools/SDKs/MacOSX13.sdk -D_XOPEN_SOURCE -D_DARWIN_C_SOURCE -D_DARWIN_UNLIMITED_SELECT -D_REENTRANT   -pipe -I/opt/local/libexec/openssl3/include -Os -isysroot/Library/Developer/CommandLineTools/SDKs/MacOSX13.sdk -fdeclspec -O3 -fno-fast-math -ggdb3 -Wall -Wextra -Wextra-tokens -Wdeprecated-declarations -Wdivision-by-zero -Wdiv-by-zero -Wimplicit-function-declaration -Wimplicit-int -Wmisleading-indentation -Wpointer-arith -Wshorten-64-to-32 -Wwrite-strings -Wold-style-definition -Wmissing-noreturn -Wno-cast-function-type -Wno-constant-logical-operand -Wno-long-long -Wno-missing-field-initializers -Wno-overlength-strings -Wno-parentheses-equality -Wno-self-assign -Wno-tautological-compare -Wno-unused-parameter -Wno-unused-value -Wunused-variable -Wundef -fno-common  -arch x86_64  -c conftest.c"
conftest.c:3:10: fatal error: 'prism.h' file not found
#include <prism.h>
         ^~~~~~~~~
1 error generated.
checked program was:
/* begin */
1: #include "ruby.h"
2: 
3: #include <prism.h>
/* end */

DYLD_LIBRARY_PATH=.:/opt/local/lib "/usr/bin/clang -I/opt/local/include/ruby-3.2.11/x86_64-darwin22 -I/opt/local/include/ruby-3.2.11/ruby/backward -I/opt/local/include/ruby-3.2.11 -I. -I/opt/local/include -I/opt/local/libexec/openssl3/include -isystem/opt/local/include -isysroot/Library/Developer/CommandLineTools/SDKs/MacOSX13.sdk -D_XOPEN_SOURCE -D_DARWIN_C_SOURCE -D_DARWIN_UNLIMITED_SELECT -D_REENTRANT   -pipe -I/opt/local/libexec/openssl3/include -Os -isysroot/Library/Developer/CommandLineTools/SDKs/MacOSX13.sdk -fdeclspec -O3 -fno-fast-math -ggdb3 -Wall -Wextra -Wextra-tokens -Wdeprecated-declarations -Wdivision-by-zero -Wdiv-by-zero -Wimplicit-function-declaration -Wimplicit-int -Wmisleading-indentation -Wpointer-arith -Wshorten-64-to-32 -Wwrite-strings -Wold-style-definition -Wmissing-noreturn -Wno-cast-function-type -Wno-constant-logical-operand -Wno-long-long -Wno-missing-field-initializers -Wno-overlength-strings -Wno-parentheses-equality -Wno-self-assign -Wno-tautological-compare -Wno-unused-parameter -Wno-unused-value -Wunused-variable -Wundef -fno-common  -arch x86_64 -I/Users/macbook/Desktop/space/OverAll/vendor/bundle/ruby/3.2.0/gems/prism-1.9.0/include -c conftest.c"
checked program was:
/* begin */
1: #include "ruby.h"
2: 
3: #include <prism.h>
/* end */

--------------------

find_header: checking for prism/extension.h in /Users/macbook/Desktop/space/OverAll/vendor/bundle/ruby/3.2.0/gems/prism-1.9.0/ext... -------------------- yes

DYLD_LIBRARY_PATH=.:/opt/local/lib "/usr/bin/clang -I/opt/local/include/ruby-3.2.11/x86_64-darwin22 -I/opt/local/include/ruby-3.2.11/ruby/backward -I/opt/local/include/ruby-3.2.11 -I. -I/Users/macbook/Desktop/space/OverAll/vendor/bundle/ruby/3.2.0/gems/prism-1.9.0/include -I/opt/local/include -I/opt/local/libexec/openssl3/include -isystem/opt/local/include -isysroot/Library/Developer/CommandLineTools/SDKs/MacOSX13.sdk -D_XOPEN_SOURCE -D_DARWIN_C_SOURCE -D_DARWIN_UNLIMITED_SELECT -D_REENTRANT   -pipe -I/opt/local/libexec/openssl3/include -Os -isysroot/Library/Developer/CommandLineTools/SDKs/MacOSX13.sdk -fdeclspec -O3 -fno-fast-math -ggdb3 -Wall -Wextra -Wextra-tokens -Wdeprecated-declarations -Wdivision-by-zero -Wdiv-by-zero -Wimplicit-function-declaration -Wimplicit-int -Wmisleading-indentation -Wpointer-arith -Wshorten-64-to-32 -Wwrite-strings -Wold-style-definition -Wmissing-noreturn -Wno-cast-function-type -Wno-constant-logical-operand -Wno-long-long -Wno-missing-field-initializers -Wno-overlength-strings -Wno-parentheses-equality -Wno-self-assign -Wno-tautological-compare -Wno-unused-parameter -Wno-unused-value -Wunused-variable -Wundef -fno-common  -arch x86_64  -c conftest.c"
conftest.c:3:10: fatal error: 'prism/extension.h' file not found
#include <prism/extension.h>
         ^~~~~~~~~~~~~~~~~~~
1 error generated.
checked program was:
/* begin */
1: #include "ruby.h"
2: 
3: #include <prism/extension.h>
/* end */

DYLD_LIBRARY_PATH=.:/opt/local/lib "/usr/bin/clang -I/opt/local/include/ruby-3.2.11/x86_64-darwin22 -I/opt/local/include/ruby-3.2.11/ruby/backward -I/opt/local/include/ruby-3.2.11 -I. -I/Users/macbook/Desktop/space/OverAll/vendor/bundle/ruby/3.2.0/gems/prism-1.9.0/include -I/opt/local/include -I/opt/local/libexec/openssl3/include -isystem/opt/local/include -isysroot/Library/Developer/CommandLineTools/SDKs/MacOSX13.sdk -D_XOPEN_SOURCE -D_DARWIN_C_SOURCE -D_DARWIN_UNLIMITED_SELECT -D_REENTRANT   -pipe -I/opt/local/libexec/openssl3/include -Os -isysroot/Library/Developer/CommandLineTools/SDKs/MacOSX13.sdk -fdeclspec -O3 -fno-fast-math -ggdb3 -Wall -Wextra -Wextra-tokens -Wdeprecated-declarations -Wdivision-by-zero -Wdiv-by-zero -Wimplicit-function-declaration -Wimplicit-int -Wmisleading-indentation -Wpointer-arith -Wshorten-64-to-32 -Wwrite-strings -Wold-style-definition -Wmissing-noreturn -Wno-cast-function-type -Wno-constant-logical-operand -Wno-long-long -Wno-missing-field-initializers -Wno-overlength-strings -Wno-parentheses-equality -Wno-self-assign -Wno-tautological-compare -Wno-unused-parameter -Wno-unused-value -Wunused-variable -Wundef -fno-common  -arch x86_64 -I/Users/macbook/Desktop/space/OverAll/vendor/bundle/ruby/3.2.0/gems/prism-1.9.0/ext -c conftest.c"
checked program was:
/* begin */
1: #include "ruby.h"
2: 
3: #include <prism/extension.h>
/* end */

--------------------

block in append_cflags: checking for whether -fvisibility=hidden is accepted as CFLAGS... -------------------- yes

DYLD_LIBRARY_PATH=.:/opt/local/lib "/usr/bin/clang -I/opt/local/include/ruby-3.2.11/x86_64-darwin22 -I/opt/local/include/ruby-3.2.11/ruby/backward -I/opt/local/include/ruby-3.2.11 -I. -I/Users/macbook/Desktop/space/OverAll/vendor/bundle/ruby/3.2.0/gems/prism-1.9.0/include -I/Users/macbook/Desktop/space/OverAll/vendor/bundle/ruby/3.2.0/gems/prism-1.9.0/ext -I/opt/local/include -I/opt/local/libexec/openssl3/include -isystem/opt/local/include -isysroot/Library/Developer/CommandLineTools/SDKs/MacOSX13.sdk -D_XOPEN_SOURCE -D_DARWIN_C_SOURCE -D_DARWIN_UNLIMITED_SELECT -D_REENTRANT   -pipe -I/opt/local/libexec/openssl3/include -Os -isysroot/Library/Developer/CommandLineTools/SDKs/MacOSX13.sdk -fdeclspec -O3 -fno-fast-math -ggdb3 -Wall -Wextra -Wextra-tokens -Wdeprecated-declarations -Wdivision-by-zero -Wdiv-by-zero -Wimplicit-function-declaration -Wimplicit-int -Wmisleading-indentation -Wpointer-arith -Wshorten-64-to-32 -Wwrite-strings -Wold-style-definition -Wmissing-noreturn -Wno-cast-function-type -Wno-constant-logical-operand -Wno-long-long -Wno-missing-field-initializers -Wno-overlength-strings -Wno-parentheses-equality -Wno-self-assign -Wno-tautological-compare -Wno-unused-parameter -Wno-unused-value -Wunused-variable -Wundef -fno-common  -arch x86_64 -fvisibility=hidden -Werror -c conftest.c"
checked program was:
/* begin */
1: #include "ruby.h"
2: 
3: int main(int argc, char **argv)
4: {
5:   return !!argv[argc];
6: }
/* end */

--------------------

