have_func: checking for rb_enc_interned_str() in ruby/encoding.h... -------------------- yes

DYLD_LIBRARY_PATH=.:/opt/local/lib "/usr/bin/clang -o conftest -I/opt/local/include/ruby-3.2.11/x86_64-darwin22 -I/opt/local/include/ruby-3.2.11/ruby/backward -I/opt/local/include/ruby-3.2.11 -I. -I/opt/local/include -I/opt/local/libexec/openssl3/include -isystem/opt/local/include -isysroot/Library/Developer/CommandLineTools/SDKs/MacOSX13.sdk -D_XOPEN_SOURCE -D_DARWIN_C_SOURCE -D_DARWIN_UNLIMITED_SELECT -D_REENTRANT   -pipe -I/opt/local/libexec/openssl3/include -Os -isysroot/Library/Developer/CommandLineTools/SDKs/MacOSX13.sdk -fdeclspec -O3 -fno-fast-math -ggdb3 -Wall -Wextra -Wextra-tokens -Wdeprecated-declarations -Wdivision-by-zero -Wdiv-by-zero -Wimplicit-function-declaration -Wimplicit-int -Wmisleading-indentation -Wpointer-arith -Wshorten-64-to-32 -Wwrite-strings -Wold-style-definition -Wmissing-noreturn -Wno-cast-function-type -Wno-constant-logical-operand -Wno-long-long -Wno-missing-field-initializers -Wno-overlength-strings -Wno-parentheses-equality -Wno-self-assign -Wno-tautological-compare -Wno-unused-parameter -Wno-unused-value -Wunused-variable -Wundef -fno-common conftest.c  -L. -L/opt/local/lib -L/opt/local/lib -L. -L/opt/local/libexec/openssl3/lib -L/opt/local/lib -Wl,-headerpad_max_install_names -Wl,-syslibroot,/Library/Developer/CommandLineTools/SDKs/MacOSX13.sdk -fstack-protector-strong -L/opt/local/lib   -arch x86_64   -lruby.3.2  -lpthread  "
checked program was:
/* begin */
1: #include "ruby.h"
2: 
3: int main(int argc, char **argv)
4: {
5:   return !!argv[argc];
6: }
/* end */

DYLD_LIBRARY_PATH=.:/opt/local/lib "/usr/bin/clang -o conftest -I/opt/local/include/ruby-3.2.11/x86_64-darwin22 -I/opt/local/include/ruby-3.2.11/ruby/backward -I/opt/local/include/ruby-3.2.11 -I. -I/opt/local/include -I/opt/local/libexec/openssl3/include -isystem/opt/local/include -isysroot/Library/Developer/CommandLineTools/SDKs/MacOSX13.sdk -D_XOPEN_SOURCE -D_DARWIN_C_SOURCE -D_DARWIN_UNLIMITED_SELECT -D_REENTRANT   -pipe -I/opt/local/libexec/openssl3/include -Os -isysroot/Library/Developer/CommandLineTools/SDKs/MacOSX13.sdk -fdeclspec -O3 -fno-fast-math -ggdb3 -Wall -Wextra -Wextra-tokens -Wdeprecated-declarations -Wdivision-by-zero -Wdiv-by-zero -Wimplicit-function-declaration -Wimplicit-int -Wmisleading-indentation -Wpointer-arith -Wshorten-64-to-32 -Wwrite-strings -Wold-style-definition -Wmissing-noreturn -Wno-cast-function-type -Wno-constant-logical-operand -Wno-long-long -Wno-missing-field-initializers -Wno-overlength-strings -Wno-parentheses-equality -Wno-self-assign -Wno-tautological-compare -Wno-unused-parameter -Wno-unused-value -Wunused-variable -Wundef -fno-common conftest.c  -L. -L/opt/local/lib -L/opt/local/lib -L. -L/opt/local/libexec/openssl3/lib -L/opt/local/lib -Wl,-headerpad_max_install_names -Wl,-syslibroot,/Library/Developer/CommandLineTools/SDKs/MacOSX13.sdk -fstack-protector-strong -L/opt/local/lib   -arch x86_64   -lruby.3.2  -lpthread  "
checked program was:
/* begin */
 1: #include "ruby.h"
 2: 
 3: #include <ruby/encoding.h>
 4: 
 5: /*top*/
 6: extern int t(void);
 7: int main(int argc, char **argv)
 8: {
 9:   if (argc > 1000000) {
10:     int (* volatile tp)(void)=(int (*)(void))&t;
11:     printf("%d", (*tp)());
12:   }
13: 
14:   return !!argv[argc];
15: }
16: int t(void) { void ((*volatile p)()); p = (void ((*)()))rb_enc_interned_str; return !p; }
/* end */

--------------------

have_func: checking for rb_str_to_interned_str() in ruby.h... -------------------- yes

DYLD_LIBRARY_PATH=.:/opt/local/lib "/usr/bin/clang -o conftest -I/opt/local/include/ruby-3.2.11/x86_64-darwin22 -I/opt/local/include/ruby-3.2.11/ruby/backward -I/opt/local/include/ruby-3.2.11 -I. -I/opt/local/include -I/opt/local/libexec/openssl3/include -isystem/opt/local/include -isysroot/Library/Developer/CommandLineTools/SDKs/MacOSX13.sdk -D_XOPEN_SOURCE -D_DARWIN_C_SOURCE -D_DARWIN_UNLIMITED_SELECT -D_REENTRANT   -pipe -I/opt/local/libexec/openssl3/include -Os -isysroot/Library/Developer/CommandLineTools/SDKs/MacOSX13.sdk -fdeclspec -O3 -fno-fast-math -ggdb3 -Wall -Wextra -Wextra-tokens -Wdeprecated-declarations -Wdivision-by-zero -Wdiv-by-zero -Wimplicit-function-declaration -Wimplicit-int -Wmisleading-indentation -Wpointer-arith -Wshorten-64-to-32 -Wwrite-strings -Wold-style-definition -Wmissing-noreturn -Wno-cast-function-type -Wno-constant-logical-operand -Wno-long-long -Wno-missing-field-initializers -Wno-overlength-strings -Wno-parentheses-equality -Wno-self-assign -Wno-tautological-compare -Wno-unused-parameter -Wno-unused-value -Wunused-variable -Wundef -fno-common conftest.c  -L. -L/opt/local/lib -L/opt/local/lib -L. -L/opt/local/libexec/openssl3/lib -L/opt/local/lib -Wl,-headerpad_max_install_names -Wl,-syslibroot,/Library/Developer/CommandLineTools/SDKs/MacOSX13.sdk -fstack-protector-strong -L/opt/local/lib   -arch x86_64   -lruby.3.2  -lpthread  "
checked program was:
/* begin */
 1: #include "ruby.h"
 2: 
 3: #include <ruby.h>
 4: 
 5: /*top*/
 6: extern int t(void);
 7: int main(int argc, char **argv)
 8: {
 9:   if (argc > 1000000) {
10:     int (* volatile tp)(void)=(int (*)(void))&t;
11:     printf("%d", (*tp)());
12:   }
13: 
14:   return !!argv[argc];
15: }
16: int t(void) { void ((*volatile p)()); p = (void ((*)()))rb_str_to_interned_str; return !p; }
/* end */

--------------------

have_func: checking for rb_hash_new_capa() in ruby.h... -------------------- yes

DYLD_LIBRARY_PATH=.:/opt/local/lib "/usr/bin/clang -o conftest -I/opt/local/include/ruby-3.2.11/x86_64-darwin22 -I/opt/local/include/ruby-3.2.11/ruby/backward -I/opt/local/include/ruby-3.2.11 -I. -I/opt/local/include -I/opt/local/libexec/openssl3/include -isystem/opt/local/include -isysroot/Library/Developer/CommandLineTools/SDKs/MacOSX13.sdk -D_XOPEN_SOURCE -D_DARWIN_C_SOURCE -D_DARWIN_UNLIMITED_SELECT -D_REENTRANT   -pipe -I/opt/local/libexec/openssl3/include -Os -isysroot/Library/Developer/CommandLineTools/SDKs/MacOSX13.sdk -fdeclspec -O3 -fno-fast-math -ggdb3 -Wall -Wextra -Wextra-tokens -Wdeprecated-declarations -Wdivision-by-zero -Wdiv-by-zero -Wimplicit-function-declaration -Wimplicit-int -Wmisleading-indentation -Wpointer-arith -Wshorten-64-to-32 -Wwrite-strings -Wold-style-definition -Wmissing-noreturn -Wno-cast-function-type -Wno-constant-logical-operand -Wno-long-long -Wno-missing-field-initializers -Wno-overlength-strings -Wno-parentheses-equality -Wno-self-assign -Wno-tautological-compare -Wno-unused-parameter -Wno-unused-value -Wunused-variable -Wundef -fno-common conftest.c  -L. -L/opt/local/lib -L/opt/local/lib -L. -L/opt/local/libexec/openssl3/lib -L/opt/local/lib -Wl,-headerpad_max_install_names -Wl,-syslibroot,/Library/Developer/CommandLineTools/SDKs/MacOSX13.sdk -fstack-protector-strong -L/opt/local/lib   -arch x86_64   -lruby.3.2  -lpthread  "
checked program was:
/* begin */
 1: #include "ruby.h"
 2: 
 3: #include <ruby.h>
 4: 
 5: /*top*/
 6: extern int t(void);
 7: int main(int argc, char **argv)
 8: {
 9:   if (argc > 1000000) {
10:     int (* volatile tp)(void)=(int (*)(void))&t;
11:     printf("%d", (*tp)());
12:   }
13: 
14:   return !!argv[argc];
15: }
16: int t(void) { void ((*volatile p)()); p = (void ((*)()))rb_hash_new_capa; return !p; }
/* end */

--------------------

have_func: checking for rb_hash_bulk_insert() in ruby.h... -------------------- yes

DYLD_LIBRARY_PATH=.:/opt/local/lib "/usr/bin/clang -o conftest -I/opt/local/include/ruby-3.2.11/x86_64-darwin22 -I/opt/local/include/ruby-3.2.11/ruby/backward -I/opt/local/include/ruby-3.2.11 -I. -I/opt/local/include -I/opt/local/libexec/openssl3/include -isystem/opt/local/include -isysroot/Library/Developer/CommandLineTools/SDKs/MacOSX13.sdk -D_XOPEN_SOURCE -D_DARWIN_C_SOURCE -D_DARWIN_UNLIMITED_SELECT -D_REENTRANT   -pipe -I/opt/local/libexec/openssl3/include -Os -isysroot/Library/Developer/CommandLineTools/SDKs/MacOSX13.sdk -fdeclspec -O3 -fno-fast-math -ggdb3 -Wall -Wextra -Wextra-tokens -Wdeprecated-declarations -Wdivision-by-zero -Wdiv-by-zero -Wimplicit-function-declaration -Wimplicit-int -Wmisleading-indentation -Wpointer-arith -Wshorten-64-to-32 -Wwrite-strings -Wold-style-definition -Wmissing-noreturn -Wno-cast-function-type -Wno-constant-logical-operand -Wno-long-long -Wno-missing-field-initializers -Wno-overlength-strings -Wno-parentheses-equality -Wno-self-assign -Wno-tautological-compare -Wno-unused-parameter -Wno-unused-value -Wunused-variable -Wundef -fno-common conftest.c  -L. -L/opt/local/lib -L/opt/local/lib -L. -L/opt/local/libexec/openssl3/lib -L/opt/local/lib -Wl,-headerpad_max_install_names -Wl,-syslibroot,/Library/Developer/CommandLineTools/SDKs/MacOSX13.sdk -fstack-protector-strong -L/opt/local/lib   -arch x86_64   -lruby.3.2  -lpthread  "
checked program was:
/* begin */
 1: #include "ruby.h"
 2: 
 3: #include <ruby.h>
 4: 
 5: /*top*/
 6: extern int t(void);
 7: int main(int argc, char **argv)
 8: {
 9:   if (argc > 1000000) {
10:     int (* volatile tp)(void)=(int (*)(void))&t;
11:     printf("%d", (*tp)());
12:   }
13: 
14:   return !!argv[argc];
15: }
16: int t(void) { void ((*volatile p)()); p = (void ((*)()))rb_hash_bulk_insert; return !p; }
/* end */

--------------------

have_func: checking for ruby_xfree_sized() in ruby.h... -------------------- no

DYLD_LIBRARY_PATH=.:/opt/local/lib "/usr/bin/clang -o conftest -I/opt/local/include/ruby-3.2.11/x86_64-darwin22 -I/opt/local/include/ruby-3.2.11/ruby/backward -I/opt/local/include/ruby-3.2.11 -I. -I/opt/local/include -I/opt/local/libexec/openssl3/include -isystem/opt/local/include -isysroot/Library/Developer/CommandLineTools/SDKs/MacOSX13.sdk -D_XOPEN_SOURCE -D_DARWIN_C_SOURCE -D_DARWIN_UNLIMITED_SELECT -D_REENTRANT   -pipe -I/opt/local/libexec/openssl3/include -Os -isysroot/Library/Developer/CommandLineTools/SDKs/MacOSX13.sdk -fdeclspec -O3 -fno-fast-math -ggdb3 -Wall -Wextra -Wextra-tokens -Wdeprecated-declarations -Wdivision-by-zero -Wdiv-by-zero -Wimplicit-function-declaration -Wimplicit-int -Wmisleading-indentation -Wpointer-arith -Wshorten-64-to-32 -Wwrite-strings -Wold-style-definition -Wmissing-noreturn -Wno-cast-function-type -Wno-constant-logical-operand -Wno-long-long -Wno-missing-field-initializers -Wno-overlength-strings -Wno-parentheses-equality -Wno-self-assign -Wno-tautological-compare -Wno-unused-parameter -Wno-unused-value -Wunused-variable -Wundef -fno-common conftest.c  -L. -L/opt/local/lib -L/opt/local/lib -L. -L/opt/local/libexec/openssl3/lib -L/opt/local/lib -Wl,-headerpad_max_install_names -Wl,-syslibroot,/Library/Developer/CommandLineTools/SDKs/MacOSX13.sdk -fstack-protector-strong -L/opt/local/lib   -arch x86_64   -lruby.3.2  -lpthread  "
conftest.c:16:57: error: use of undeclared identifier 'ruby_xfree_sized'
int t(void) { void ((*volatile p)()); p = (void ((*)()))ruby_xfree_sized; return !p; }
                                                        ^
1 error generated.
checked program was:
/* begin */
 1: #include "ruby.h"
 2: 
 3: #include <ruby.h>
 4: 
 5: /*top*/
 6: extern int t(void);
 7: int main(int argc, char **argv)
 8: {
 9:   if (argc > 1000000) {
10:     int (* volatile tp)(void)=(int (*)(void))&t;
11:     printf("%d", (*tp)());
12:   }
13: 
14:   return !!argv[argc];
15: }
16: int t(void) { void ((*volatile p)()); p = (void ((*)()))ruby_xfree_sized; return !p; }
/* end */

DYLD_LIBRARY_PATH=.:/opt/local/lib "/usr/bin/clang -o conftest -I/opt/local/include/ruby-3.2.11/x86_64-darwin22 -I/opt/local/include/ruby-3.2.11/ruby/backward -I/opt/local/include/ruby-3.2.11 -I. -I/opt/local/include -I/opt/local/libexec/openssl3/include -isystem/opt/local/include -isysroot/Library/Developer/CommandLineTools/SDKs/MacOSX13.sdk -D_XOPEN_SOURCE -D_DARWIN_C_SOURCE -D_DARWIN_UNLIMITED_SELECT -D_REENTRANT   -pipe -I/opt/local/libexec/openssl3/include -Os -isysroot/Library/Developer/CommandLineTools/SDKs/MacOSX13.sdk -fdeclspec -O3 -fno-fast-math -ggdb3 -Wall -Wextra -Wextra-tokens -Wdeprecated-declarations -Wdivision-by-zero -Wdiv-by-zero -Wimplicit-function-declaration -Wimplicit-int -Wmisleading-indentation -Wpointer-arith -Wshorten-64-to-32 -Wwrite-strings -Wold-style-definition -Wmissing-noreturn -Wno-cast-function-type -Wno-constant-logical-operand -Wno-long-long -Wno-missing-field-initializers -Wno-overlength-strings -Wno-parentheses-equality -Wno-self-assign -Wno-tautological-compare -Wno-unused-parameter -Wno-unused-value -Wunused-variable -Wundef -fno-common conftest.c  -L. -L/opt/local/lib -L/opt/local/lib -L. -L/opt/local/libexec/openssl3/lib -L/opt/local/lib -Wl,-headerpad_max_install_names -Wl,-syslibroot,/Library/Developer/CommandLineTools/SDKs/MacOSX13.sdk -fstack-protector-strong -L/opt/local/lib   -arch x86_64   -lruby.3.2  -lpthread  "
ld: Undefined symbols:
  _ruby_xfree_sized, referenced from:
      _t in conftest-b53c31.o
clang: error: linker command failed with exit code 1 (use -v to see invocation)
checked program was:
/* begin */
 1: #include "ruby.h"
 2: 
 3: #include <ruby.h>
 4: 
 5: /*top*/
 6: extern int t(void);
 7: int main(int argc, char **argv)
 8: {
 9:   if (argc > 1000000) {
10:     int (* volatile tp)(void)=(int (*)(void))&t;
11:     printf("%d", (*tp)());
12:   }
13: 
14:   return !!argv[argc];
15: }
16: extern void ruby_xfree_sized();
17: int t(void) { ruby_xfree_sized(); return 0; }
/* end */

--------------------

have_header: checking for x86intrin.h... -------------------- yes

DYLD_LIBRARY_PATH=.:/opt/local/lib "/usr/bin/clang -I/opt/local/include/ruby-3.2.11/x86_64-darwin22 -I/opt/local/include/ruby-3.2.11/ruby/backward -I/opt/local/include/ruby-3.2.11 -I. -I/opt/local/include -I/opt/local/libexec/openssl3/include -isystem/opt/local/include -isysroot/Library/Developer/CommandLineTools/SDKs/MacOSX13.sdk -D_XOPEN_SOURCE -D_DARWIN_C_SOURCE -D_DARWIN_UNLIMITED_SELECT -D_REENTRANT   -pipe -I/opt/local/libexec/openssl3/include -Os -isysroot/Library/Developer/CommandLineTools/SDKs/MacOSX13.sdk -fdeclspec -O3 -fno-fast-math -ggdb3 -Wall -Wextra -Wextra-tokens -Wdeprecated-declarations -Wdivision-by-zero -Wdiv-by-zero -Wimplicit-function-declaration -Wimplicit-int -Wmisleading-indentation -Wpointer-arith -Wshorten-64-to-32 -Wwrite-strings -Wold-style-definition -Wmissing-noreturn -Wno-cast-function-type -Wno-constant-logical-operand -Wno-long-long -Wno-missing-field-initializers -Wno-overlength-strings -Wno-parentheses-equality -Wno-self-assign -Wno-tautological-compare -Wno-unused-parameter -Wno-unused-value -Wunused-variable -Wundef -fno-common  -arch x86_64  -c conftest.c"
checked program was:
/* begin */
1: #include "ruby.h"
2: 
3: #include <x86intrin.h>
/* end */

--------------------

have_func: checking for _lzcnt_u64() in x86intrin.h... -------------------- yes

DYLD_LIBRARY_PATH=.:/opt/local/lib "/usr/bin/clang -o conftest -I/opt/local/include/ruby-3.2.11/x86_64-darwin22 -I/opt/local/include/ruby-3.2.11/ruby/backward -I/opt/local/include/ruby-3.2.11 -I. -I/opt/local/include -I/opt/local/libexec/openssl3/include -isystem/opt/local/include -isysroot/Library/Developer/CommandLineTools/SDKs/MacOSX13.sdk -D_XOPEN_SOURCE -D_DARWIN_C_SOURCE -D_DARWIN_UNLIMITED_SELECT -D_REENTRANT   -pipe -I/opt/local/libexec/openssl3/include -Os -isysroot/Library/Developer/CommandLineTools/SDKs/MacOSX13.sdk -fdeclspec -O3 -fno-fast-math -ggdb3 -Wall -Wextra -Wextra-tokens -Wdeprecated-declarations -Wdivision-by-zero -Wdiv-by-zero -Wimplicit-function-declaration -Wimplicit-int -Wmisleading-indentation -Wpointer-arith -Wshorten-64-to-32 -Wwrite-strings -Wold-style-definition -Wmissing-noreturn -Wno-cast-function-type -Wno-constant-logical-operand -Wno-long-long -Wno-missing-field-initializers -Wno-overlength-strings -Wno-parentheses-equality -Wno-self-assign -Wno-tautological-compare -Wno-unused-parameter -Wno-unused-value -Wunused-variable -Wundef -fno-common conftest.c  -L. -L/opt/local/lib -L/opt/local/lib -L. -L/opt/local/libexec/openssl3/lib -L/opt/local/lib -Wl,-headerpad_max_install_names -Wl,-syslibroot,/Library/Developer/CommandLineTools/SDKs/MacOSX13.sdk -fstack-protector-strong -L/opt/local/lib   -arch x86_64   -lruby.3.2  -lpthread  "
checked program was:
/* begin */
 1: #include "ruby.h"
 2: 
 3: #include <x86intrin.h>
 4: 
 5: /*top*/
 6: extern int t(void);
 7: int main(int argc, char **argv)
 8: {
 9:   if (argc > 1000000) {
10:     int (* volatile tp)(void)=(int (*)(void))&t;
11:     printf("%d", (*tp)());
12:   }
13: 
14:   return !!argv[argc];
15: }
16: int t(void) { void ((*volatile p)()); p = (void ((*)()))_lzcnt_u64; return !p; }
/* end */

--------------------

have_header: checking for intrin.h... -------------------- no

DYLD_LIBRARY_PATH=.:/opt/local/lib "/usr/bin/clang -I/opt/local/include/ruby-3.2.11/x86_64-darwin22 -I/opt/local/include/ruby-3.2.11/ruby/backward -I/opt/local/include/ruby-3.2.11 -I. -I/opt/local/include -I/opt/local/libexec/openssl3/include -isystem/opt/local/include -isysroot/Library/Developer/CommandLineTools/SDKs/MacOSX13.sdk -D_XOPEN_SOURCE -D_DARWIN_C_SOURCE -D_DARWIN_UNLIMITED_SELECT -D_REENTRANT   -pipe -I/opt/local/libexec/openssl3/include -Os -isysroot/Library/Developer/CommandLineTools/SDKs/MacOSX13.sdk -fdeclspec -O3 -fno-fast-math -ggdb3 -Wall -Wextra -Wextra-tokens -Wdeprecated-declarations -Wdivision-by-zero -Wdiv-by-zero -Wimplicit-function-declaration -Wimplicit-int -Wmisleading-indentation -Wpointer-arith -Wshorten-64-to-32 -Wwrite-strings -Wold-style-definition -Wmissing-noreturn -Wno-cast-function-type -Wno-constant-logical-operand -Wno-long-long -Wno-missing-field-initializers -Wno-overlength-strings -Wno-parentheses-equality -Wno-self-assign -Wno-tautological-compare -Wno-unused-parameter -Wno-unused-value -Wunused-variable -Wundef -fno-common  -arch x86_64  -c conftest.c"
In file included from conftest.c:3:
/Applications/Xcode.app/Contents/Developer/Toolchains/XcodeDefault.xctoolchain/usr/lib/clang/15.0.0/include/intrin.h:12:15: fatal error: 'intrin.h' file not found
#include_next <intrin.h>
              ^~~~~~~~~~
1 error generated.
checked program was:
/* begin */
1: #include "ruby.h"
2: 
3: #include <intrin.h>
/* end */

--------------------

have_const: checking for RUBY_TYPED_EMBEDDABLE in ruby.h... -------------------- no

DYLD_LIBRARY_PATH=.:/opt/local/lib "/usr/bin/clang -I/opt/local/include/ruby-3.2.11/x86_64-darwin22 -I/opt/local/include/ruby-3.2.11/ruby/backward -I/opt/local/include/ruby-3.2.11 -I. -I/opt/local/include -I/opt/local/libexec/openssl3/include -isystem/opt/local/include -isysroot/Library/Developer/CommandLineTools/SDKs/MacOSX13.sdk -D_XOPEN_SOURCE -D_DARWIN_C_SOURCE -D_DARWIN_UNLIMITED_SELECT -D_REENTRANT   -pipe -I/opt/local/libexec/openssl3/include -Os -isysroot/Library/Developer/CommandLineTools/SDKs/MacOSX13.sdk -fdeclspec -O3 -fno-fast-math -ggdb3 -Wall -Wextra -Wextra-tokens -Wdeprecated-declarations -Wdivision-by-zero -Wdiv-by-zero -Wimplicit-function-declaration -Wimplicit-int -Wmisleading-indentation -Wpointer-arith -Wshorten-64-to-32 -Wwrite-strings -Wold-style-definition -Wmissing-noreturn -Wno-cast-function-type -Wno-constant-logical-operand -Wno-long-long -Wno-missing-field-initializers -Wno-overlength-strings -Wno-parentheses-equality -Wno-self-assign -Wno-tautological-compare -Wno-unused-parameter -Wno-unused-value -Wunused-variable -Wundef -fno-common  -arch x86_64  -c conftest.c"
conftest.c:7:34: error: use of undeclared identifier 'RUBY_TYPED_EMBEDDABLE'
conftest_type conftestval = (int)RUBY_TYPED_EMBEDDABLE;
                                 ^
1 error generated.
checked program was:
/* begin */
1: #include "ruby.h"
2: 
3: #include <ruby.h>
4: 
5: /*top*/
6: typedef int conftest_type;
7: conftest_type conftestval = (int)RUBY_TYPED_EMBEDDABLE;
/* end */

--------------------

block in append_cflags: checking for whether -std=c99 is accepted as CFLAGS... -------------------- yes

DYLD_LIBRARY_PATH=.:/opt/local/lib "/usr/bin/clang -I/opt/local/include/ruby-3.2.11/x86_64-darwin22 -I/opt/local/include/ruby-3.2.11/ruby/backward -I/opt/local/include/ruby-3.2.11 -I. -I/opt/local/include -I/opt/local/libexec/openssl3/include -isystem/opt/local/include -isysroot/Library/Developer/CommandLineTools/SDKs/MacOSX13.sdk -D_XOPEN_SOURCE -D_DARWIN_C_SOURCE -D_DARWIN_UNLIMITED_SELECT -D_REENTRANT   -pipe -I/opt/local/libexec/openssl3/include -Os -isysroot/Library/Developer/CommandLineTools/SDKs/MacOSX13.sdk -fdeclspec -O3 -fno-fast-math -ggdb3 -Wall -Wextra -Wextra-tokens -Wdeprecated-declarations -Wdivision-by-zero -Wdiv-by-zero -Wimplicit-function-declaration -Wimplicit-int -Wmisleading-indentation -Wpointer-arith -Wshorten-64-to-32 -Wwrite-strings -Wold-style-definition -Wmissing-noreturn -Wno-cast-function-type -Wno-constant-logical-operand -Wno-long-long -Wno-missing-field-initializers -Wno-overlength-strings -Wno-parentheses-equality -Wno-self-assign -Wno-tautological-compare -Wno-unused-parameter -Wno-unused-value -Wunused-variable -Wundef -fno-common  -arch x86_64 -std=c99 -Werror -c conftest.c"
checked program was:
/* begin */
1: #include "ruby.h"
2: 
3: int main(int argc, char **argv)
4: {
5:   return !!argv[argc];
6: }
/* end */

--------------------

block in append_cflags: checking for whether -mno-outline is accepted as CFLAGS... -------------------- yes

DYLD_LIBRARY_PATH=.:/opt/local/lib "/usr/bin/clang -I/opt/local/include/ruby-3.2.11/x86_64-darwin22 -I/opt/local/include/ruby-3.2.11/ruby/backward -I/opt/local/include/ruby-3.2.11 -I. -I/opt/local/include -I/opt/local/libexec/openssl3/include -isystem/opt/local/include -isysroot/Library/Developer/CommandLineTools/SDKs/MacOSX13.sdk -D_XOPEN_SOURCE -D_DARWIN_C_SOURCE -D_DARWIN_UNLIMITED_SELECT -D_REENTRANT   -pipe -I/opt/local/libexec/openssl3/include -Os -isysroot/Library/Developer/CommandLineTools/SDKs/MacOSX13.sdk -fdeclspec -O3 -fno-fast-math -ggdb3 -Wall -Wextra -Wextra-tokens -Wdeprecated-declarations -Wdivision-by-zero -Wdiv-by-zero -Wimplicit-function-declaration -Wimplicit-int -Wmisleading-indentation -Wpointer-arith -Wshorten-64-to-32 -Wwrite-strings -Wold-style-definition -Wmissing-noreturn -Wno-cast-function-type -Wno-constant-logical-operand -Wno-long-long -Wno-missing-field-initializers -Wno-overlength-strings -Wno-parentheses-equality -Wno-self-assign -Wno-tautological-compare -Wno-unused-parameter -Wno-unused-value -Wunused-variable -Wundef -fno-common -std=c99  -arch x86_64 -mno-outline -Werror -c conftest.c"
checked program was:
/* begin */
1: #include "ruby.h"
2: 
3: int main(int argc, char **argv)
4: {
5:   return !!argv[argc];
6: }
/* end */

--------------------

have_header: checking for x86intrin.h... -------------------- yes

DYLD_LIBRARY_PATH=.:/opt/local/lib "/usr/bin/clang -I/opt/local/include/ruby-3.2.11/x86_64-darwin22 -I/opt/local/include/ruby-3.2.11/ruby/backward -I/opt/local/include/ruby-3.2.11 -I. -I/opt/local/include -I/opt/local/libexec/openssl3/include -isystem/opt/local/include -isysroot/Library/Developer/CommandLineTools/SDKs/MacOSX13.sdk -D_XOPEN_SOURCE -D_DARWIN_C_SOURCE -D_DARWIN_UNLIMITED_SELECT -D_REENTRANT   -pipe -I/opt/local/libexec/openssl3/include -Os -isysroot/Library/Developer/CommandLineTools/SDKs/MacOSX13.sdk -fdeclspec -O3 -fno-fast-math -ggdb3 -Wall -Wextra -Wextra-tokens -Wdeprecated-declarations -Wdivision-by-zero -Wdiv-by-zero -Wimplicit-function-declaration -Wimplicit-int -Wmisleading-indentation -Wpointer-arith -Wshorten-64-to-32 -Wwrite-strings -Wold-style-definition -Wmissing-noreturn -Wno-cast-function-type -Wno-constant-logical-operand -Wno-long-long -Wno-missing-field-initializers -Wno-overlength-strings -Wno-parentheses-equality -Wno-self-assign -Wno-tautological-compare -Wno-unused-parameter -Wno-unused-value -Wunused-variable -Wundef -fno-common -std=c99 -mno-outline  -arch x86_64  -c conftest.c"
checked program was:
/* begin */
1: #include "ruby.h"
2: 
3: #include <x86intrin.h>
/* end */

--------------------

DYLD_LIBRARY_PATH=.:/opt/local/lib "/usr/bin/clang -I/opt/local/include/ruby-3.2.11/x86_64-darwin22 -I/opt/local/include/ruby-3.2.11/ruby/backward -I/opt/local/include/ruby-3.2.11 -I. -I/opt/local/include -I/opt/local/libexec/openssl3/include -isystem/opt/local/include -isysroot/Library/Developer/CommandLineTools/SDKs/MacOSX13.sdk -D_XOPEN_SOURCE -D_DARWIN_C_SOURCE -D_DARWIN_UNLIMITED_SELECT -D_REENTRANT   -pipe -I/opt/local/libexec/openssl3/include -Os -isysroot/Library/Developer/CommandLineTools/SDKs/MacOSX13.sdk -fdeclspec -O3 -fno-fast-math -ggdb3 -Wall -Wextra -Wextra-tokens -Wdeprecated-declarations -Wdivision-by-zero -Wdiv-by-zero -Wimplicit-function-declaration -Wimplicit-int -Wmisleading-indentation -Wpointer-arith -Wshorten-64-to-32 -Wwrite-strings -Wold-style-definition -Wmissing-noreturn -Wno-cast-function-type -Wno-constant-logical-operand -Wno-long-long -Wno-missing-field-initializers -Wno-overlength-strings -Wno-parentheses-equality -Wno-self-assign -Wno-tautological-compare -Wno-unused-parameter -Wno-unused-value -Wunused-variable -Wundef -fno-common -std=c99 -mno-outline  -arch x86_64 -Werror=implicit-function-declaration -c conftest.c"
checked program was:
/* begin */
 1: #include "ruby.h"
 2: 
 3: #include <x86intrin.h>
 4: 
 5: int main(int argc, char **argv) {
 6:   __m128i test = _mm_set1_epi8(32);
 7:   if (__builtin_cpu_supports("sse2")) { printf("OK"); }
 8:   if (argc > 100000) printf("%p", &test);
 9:   return 0;
10: }
/* end */

have_header: checking for cpuid.h... -------------------- yes

DYLD_LIBRARY_PATH=.:/opt/local/lib "/usr/bin/clang -I/opt/local/include/ruby-3.2.11/x86_64-darwin22 -I/opt/local/include/ruby-3.2.11/ruby/backward -I/opt/local/include/ruby-3.2.11 -I. -I/opt/local/include -I/opt/local/libexec/openssl3/include -isystem/opt/local/include -isysroot/Library/Developer/CommandLineTools/SDKs/MacOSX13.sdk -D_XOPEN_SOURCE -D_DARWIN_C_SOURCE -D_DARWIN_UNLIMITED_SELECT -D_REENTRANT   -pipe -I/opt/local/libexec/openssl3/include -Os -isysroot/Library/Developer/CommandLineTools/SDKs/MacOSX13.sdk -fdeclspec -O3 -fno-fast-math -ggdb3 -Wall -Wextra -Wextra-tokens -Wdeprecated-declarations -Wdivision-by-zero -Wdiv-by-zero -Wimplicit-function-declaration -Wimplicit-int -Wmisleading-indentation -Wpointer-arith -Wshorten-64-to-32 -Wwrite-strings -Wold-style-definition -Wmissing-noreturn -Wno-cast-function-type -Wno-constant-logical-operand -Wno-long-long -Wno-missing-field-initializers -Wno-overlength-strings -Wno-parentheses-equality -Wno-self-assign -Wno-tautological-compare -Wno-unused-parameter -Wno-unused-value -Wunused-variable -Wundef -fno-common -std=c99 -mno-outline  -arch x86_64  -c conftest.c"
checked program was:
/* begin */
1: #include "ruby.h"
2: 
3: #include <cpuid.h>
/* end */

--------------------

